INFO         | Android emulator version 37.2.3.0 (build_id 15982021) (CL:N/A)
INFO         | Graphics backend: gfxstream
INFO         | Found systemPath C:\AndroidSDK\system-images\android-35\google_apis\x86_64\
INFO         | IPv4 server found: 172.19.0.1
INFO         | Ignore IPv6 address: 6821:96a9:3b02:0:a008:96a9:3b02:0
INFO         | Ignore IPv6 address: 6821:96a9:3b02:0:a008:96a9:3b02:0
INFO         | Ignore IPv6 address: 6821:96a9:3b02:0:a008:96a9:3b02:0
INFO         | Guest GLES Driver: Auto (ext controls)
INFO         | emuglConfig_init: vulkan_mode_selected:swiftshader gles_mode_selected:swiftshader
INFO         | Checking system compatibility:
INFO         |   Checking: hasCompatibleHypervisor
INFO         |      Ok: Hypervisor compatibility to run avd: `min_test` are met
INFO         |   Checking: hasSufficientSystem
INFO         |      Ok: System requirements to run avd: `min_test` are met
INFO         |   Checking: hasSufficientHwGpu
INFO         |      Ok: Hardware GPU compatibility checks are not required
INFO         |   Checking: hasSufficientDiskSpace
INFO         |      Ok: Disk space requirements to run avd: `min_test` are met
INFO         | Storing crashdata in: C:\Users\11141\AppData\Local\Temp\\AndroidEmulator\emu-crash-37.2.3.db, detection is enabled for process: 1564
INFO         | Initializing gfxstream backend
INFO         | startOpenglesRendererImpl: gpu info
INFO         | GPU #1
  Make: 10de
  Model: NVIDIA GeForce RTX 4060 Laptop GPU
  Device ID: 28e0

INFO         | Disabling implicit Vulkan layers to avoid compatibility issues. Set VK_LOADER_LAYERS_DISABLE manually to disable this behavior.
INFO         | initIcdPaths: ICD set to 'swiftshader', using Swiftshader ICD
INFO         | Setting ICD filenames for the loader = C:\AndroidSDK\emulator\lib64\vulkan\vk_swiftshader_icd.json
INFO         | SharedLibrary::open for [C:\AndroidSDK\emulator\qemu\windows-x86_64\lib64\vulkan\vulkan-1.dll]
INFO         | SharedLibrary::open for [C:\AndroidSDK\emulator\lib64\vulkan\vulkan-1.dll]
INFO         | Added library: C:\AndroidSDK\emulator\lib64\vulkan\vulkan-1.dll
INFO         | Selecting Vulkan device: SwiftShader Device (LLVM 10.0.0), Version: 1.2.0
INFO         | Using Vulkan externalMemoryMode: HostAllocation for VkEmulation
INFO         | Initializing VkEmulation features:
INFO         |     glInteropSupported: false
INFO         |     useDeferredCommands: true
INFO         |     createResourceWithRequirements: true
INFO         |     useVulkanComposition: false
INFO         |     useVulkanNativeSwapchain: false
INFO         |     enable guestRenderDoc: false
INFO         |     ASTC LDR emulation mode: Gpu
INFO         |     enable ETC2 emulation: true
INFO         |     enable Ycbcr emulation: false
INFO         |     guestVulkanOnly: false
INFO         |     useDedicatedAllocations: false
INFO         |     guestVulkanMaxApiVersion: 1.3.0
INFO         |     enableProtectedMemoryEmulation: false
INFO         | Graphics Adapter Vendor Google (Google Inc.)
INFO         | Graphics Adapter Android Emulator OpenGL ES Translator (Google SwiftShader)
INFO         | Graphics API Version OpenGL ES 3.0 (OpenGL ES 3.0 SwiftShader 4.0.0.1)
INFO         | Graphics API Extensions GL_OES_EGL_sync GL_OES_EGL_image GL_OES_EGL_image_external GL_OES_depth24 GL_OES_depth32 GL_OES_element_index_uint GL_OES_texture_float GL_OES_texture_float_linear GL_OES_compressed_paletted_texture GL_OES_compressed_ETC1_RGB8_texture GL_OES_depth_texture GL_OES_texture_half_float GL_OES_texture_half_float_linear GL_OES_packed_depth_stencil GL_OES_vertex_half_float GL_OES_standard_derivatives GL_OES_texture_npot GL_OES_rgb8_rgba8 GL_EXT_color_buffer_float GL_EXT_color_buffer_half_float GL_EXT_texture_format_BGRA8888 GL_APPLE_texture_format_BGRA8888 
INFO         | Graphics Device Extensions N/A
INFO         | Disabling sparse binding feature support
INFO         | Sending adb public key [QAAAAPnAM4e3/lqx0Ttw2dwxDvnDT3MFr/NK1nKlhPFHkEwDrC4Lxj8kq6DomgPpbupH6zGYj+qAiAXxuDDbuEuF2v+zDa1Q/U1s9S8zNFIHOqSJkng/CBdDbi1EjyEK9xtyE1Ko7aP2wTJozdLT4qfICQOsSKw/K/QsSaErAEkX6+B2W3pg7MdlnTHvdz7d3RJl4oNrmZnt1QyS/RXRShw2BDzU6b+9a6UGkUlK1ta0q5XOR6pRo72EiM9e6XdfodBQME7FIAA9JBtBBe5d+UT/MP9TKhTyaLKTC9ig9O1zhcHnaI1XNR9bcRUO9vMCVnTiZSMyJX0bdtXEvbZn9hGJvKVxlQvJB2uumfYF3IQVvyaV4Ywnq8eOokdK5pOQTH2V9lCOO3yr9VlVLF7j/U1aPICJ6hrhRgczs9pW4MowiBWSi6CPLpi+YQK6E6QTodD4qGH3yvLMkEwUOKegm89RlIFAgpYhEqmQy+zkO0YZ5POXU+oOTePGHe9IDiIdGmbPnljeHNYn6xrw4cNIGKkY6g6ZR5KSfPctNukVkqRJ4y/IOZKHsTm28uMa7VdxG+pF7ed38sNhq14WZJxAcy4n3VxmPUSO9ZGaMD0i5Zmf1EFtHZp476nkG+rGOv4jBzWdE7x+NoQVuK10Irl0ldp2aqXLuz36DmheXljHbLg7HRF9hzGWdQEAAQA= @unknown]
INFO         | Userspace boot properties:
INFO         |   androidboot.boot_devices=pci0000:00/0000:00:03.0 pci0000:00/0000:00:06.0
INFO         |   androidboot.dalvik.vm.heapsize=576m
INFO         |   androidboot.debug.hwui.renderer=skiagl
INFO         |   androidboot.debug.sf.nobootanimation=1
INFO         |   androidboot.hardware=ranchu
INFO         |   androidboot.hardware.gltransport=pipe
INFO         |   androidboot.hardware.vulkan=ranchu
INFO         |   androidboot.logcat=*:V
INFO         |   androidboot.opengles.version=196608
INFO         |   androidboot.qemu=1
INFO         |   androidboot.qemu.adb.pubkey=QAAAAPnAM4e3/lqx0Ttw2dwxDvnDT3MFr/NK1nKlhPFHkEwDrC4Lxj8kq6DomgPpbupH6zGYj+qAiAXxuDDbuEuF2v+zDa1Q/U1s9S8zNFIHOqSJkng/CBdDbi1EjyEK9xtyE1Ko7aP2wTJozdLT4qfICQOsSKw/K/QsSaErAEkX6+B2W3pg7MdlnTHvdz7d3RJl4oNrmZnt1QyS/RXRShw2BDzU6b+9a6UGkUlK1ta0q5XOR6pRo72EiM9e6XdfodBQME7FIAA9JBtBBe5d+UT/MP9TKhTyaLKTC9ig9O1zhcHnaI1XNR9bcRUO9vMCVnTiZSMyJX0bdtXEvbZn9hGJvKVxlQvJB2uumfYF3IQVvyaV4Ywnq8eOokdK5pOQTH2V9lCOO3yr9VlVLF7j/U1aPICJ6hrhRgczs9pW4MowiBWSi6CPLpi+YQK6E6QTodD4qGH3yvLMkEwUOKegm89RlIFAgpYhEqmQy+zkO0YZ5POXU+oOTePGHe9IDiIdGmbPnljeHNYn6xrw4cNIGKkY6g6ZR5KSfPctNukVkqRJ4y/IOZKHsTm28uMa7VdxG+pF7ed38sNhq14WZJxAcy4n3VxmPUSO9ZGaMD0i5Zmf1EFtHZp476nkG+rGOv4jBzWdE7x+NoQVuK10Irl0ldp2aqXLuz36DmheXljHbLg7HRF9hzGWdQEAAQA= @unknown
INFO         |   androidboot.qemu.avd_name=min_test
INFO         |   androidboot.qemu.camera_hq_edge_processing=0
INFO         |   androidboot.qemu.camera_protocol_ver=1
INFO         |   androidboot.qemu.cpuvulkan.version=4206592
INFO         |   androidboot.qemu.gltransport.drawFlushInterval=800
INFO         |   androidboot.qemu.gltransport.name=pipe
INFO         |   androidboot.qemu.hwcodec.avcdec=2
INFO         |   androidboot.qemu.hwcodec.hevcdec=2
INFO         |   androidboot.qemu.hwcodec.vpxdec=2
INFO         |   androidboot.qemu.settings.system.screen_off_timeout=2147483647
INFO         |   androidboot.qemu.skin=1080x2400
INFO         |   androidboot.qemu.virtiowifi=1
INFO         |   androidboot.qemu.vsync=60
INFO         |   androidboot.serialno=EMULATOR37X2X3X0
INFO         |   androidboot.vbmeta.digest=b3271ba499104f4631ae3723913d5c12574e01715fce5b82d60beed097ead264
INFO         |   androidboot.vbmeta.hash_alg=sha256
INFO         |   androidboot.vbmeta.size=6720
INFO         |   androidboot.veritymode=enforcing
WHPX on Windows 10.0.26200 detected.
Windows Hypervisor Platform accelerator is operational
netsim I 09-02 16:26:48.829 netsimd.rs:357 - netsim startup
netsim I 09-02 16:26:48.831 netsimd.rs:366 - Artifacts: "C:\\Users\\11141\\AppData\\Local\\Temp\\netsimd"
netsim I 09-02 16:26:48.831 netsimd.rs:368 - Args {
    fd_startup_str: None,
    connector_instance: None,
    instance: None,
    logtostderr: false,
    dev: false,
    no_cli_ui: false,
    no_web_ui: false,
    http_proxy: None,
    no_shutdown: false,
    idle_shutdown_timeout: None,
    startup_timeout: None,
    pcap: false,
    disable_address_reuse: false,
    verbose: false,
    version: false,
    grpc_port: None,
    hci_port: None,
    tcp_port: None,
    ws_port: None,
    host_dns: Some(
        "172.19.0.1,fdfe:dcba:9876::1",
    ),
    forward_host_mdns: false,
    test_beacons: false,
    no_test_beacons: false,
    wifi: WifiConfig {
        wifi_ssid: None,
        wifi_password: None,
        wifi_channel: None,
        wifi_beacon_interval: None,
        wifi_mode: None,
    },
}
INFO         | Monitoring duration of emulator setup.
WARNING      | The emulator now requires a signed jwt token for gRPC access! Use the -grpc flag if you really want an open unprotected grpc port
INFO         | Using security allow list from: C:\AndroidSDK\emulator\lib\emulator_access.json
INFO         | The active JSON Web Key Sets can be found here: C:\Users\11141\AppData\Local\Temp\avd\running\1564\jwks\22297ee4-1621-40f6-b128-9c7de6ccfae9\active.jwk
INFO         | Scanning C:\Users\11141\AppData\Local\Temp\avd\running\1564\jwks\22297ee4-1621-40f6-b128-9c7de6ccfae9 for jwk keys.
INFO         | Started GRPC server at 127.0.0.1:8554, security: Local, auth: +token
INFO         | Advertising in: C:\Users\11141\AppData\Local\Temp\avd\running\pid_1564.ini
INFO         | Successfully initialized netsim WiFi
INFO         | Activated packet streamer for bluetooth emulation
INFO         | Setting display: 0 configuration to: 1080x2400, dpi: 420x420 
INFO         | setDisplayActiveConfig: id:0, 1080x2400
WARNING      | getEnvironmentConfig: No environment config is provided
INFO         | getEnvironmentConfig: Using default virtual scene mode for the environment.
INFO         | getEnvironmentConfig: Using default configuration for mode mesh3d for the environment.
INFO         | Initializing a scene with mode: mesh3d, argument: Toren1BD.obj
USER_INFO    | Emulator is performing a full startup. This may take upto two minutes, or more.
INFO         | Boot completed in 21713 ms
